// Jest Snapshot v1, https://goo.gl/fbAQLP

exports[`snapshot - defaults 1`] = `
.emotion-0 {
  position: relative;
  box-sizing: border-box;
}

.emotion-1 {
  z-index: 9999;
  border: 0;
  clip: rect(1px, 1px, 1px, 1px);
  height: 1px;
  width: 1px;
  position: absolute;
  overflow: hidden;
  padding: 0;
  white-space: nowrap;
}

.emotion-2 {
  -webkit-align-items: center;
  -webkit-box-align: center;
  -ms-flex-align: center;
  align-items: center;
  background-color: hsl(0, 0%, 100%);
  border-color: hsl(0, 0%, 80%);
  border-radius: 4px;
  border-style: solid;
  border-width: 1px;
  cursor: default;
  display: -webkit-box;
  display: -webkit-flex;
  display: -ms-flexbox;
  display: flex;
  -webkit-box-flex-wrap: wrap;
  -webkit-flex-wrap: wrap;
  -ms-flex-wrap: wrap;
  flex-wrap: wrap;
  -webkit-box-pack: justify;
  -webkit-justify-content: space-between;
  justify-content: space-between;
  min-height: 38px;
  outline: 0!important;
  position: relative;
  -webkit-transition: all 100ms;
  transition: all 100ms;
  box-sizing: border-box;
}

.emotion-2:hover {
  border-color: hsl(0, 0%, 70%);
}

.emotion-3 {
  -webkit-align-items: center;
  -webkit-box-align: center;
  -ms-flex-align: center;
  align-items: center;
  display: -webkit-box;
  display: -webkit-flex;
  display: -ms-flexbox;
  display: flex;
  -webkit-flex: 1;
  -ms-flex: 1;
  flex: 1;
  -webkit-box-flex-wrap: wrap;
  -webkit-flex-wrap: wrap;
  -ms-flex-wrap: wrap;
  flex-wrap: wrap;
  padding: 2px 8px;
  -webkit-overflow-scrolling: touch;
  position: relative;
  overflow: hidden;
  box-sizing: border-box;
}

.emotion-4 {
  color: hsl(0, 0%, 50%);
  margin-left: 2px;
  margin-right: 2px;
  position: absolute;
  top: 50%;
  -webkit-transform: translateY(-50%);
  -moz-transform: translateY(-50%);
  -ms-transform: translateY(-50%);
  transform: translateY(-50%);
  box-sizing: border-box;
}

.emotion-5 {
  margin: 2px;
  padding-bottom: 2px;
  padding-top: 2px;
  visibility: visible;
  color: hsl(0, 0%, 20%);
  box-sizing: border-box;
}

.emotion-6 {
  -webkit-align-items: center;
  -webkit-box-align: center;
  -ms-flex-align: center;
  align-items: center;
  -webkit-align-self: stretch;
  -ms-flex-item-align: stretch;
  align-self: stretch;
  display: -webkit-box;
  display: -webkit-flex;
  display: -ms-flexbox;
  display: flex;
  -webkit-flex-shrink: 0;
  -ms-flex-negative: 0;
  flex-shrink: 0;
  box-sizing: border-box;
}

.emotion-7 {
  -webkit-align-self: stretch;
  -ms-flex-item-align: stretch;
  align-self: stretch;
  background-color: hsl(0, 0%, 80%);
  margin-bottom: 8px;
  margin-top: 8px;
  width: 1px;
  box-sizing: border-box;
}

.emotion-8 {
  color: hsl(0, 0%, 80%);
  display: -webkit-box;
  display: -webkit-flex;
  display: -ms-flexbox;
  display: flex;
  padding: 8px;
  -webkit-transition: color 150ms;
  transition: color 150ms;
  box-sizing: border-box;
}

.emotion-8:hover {
  color: hsl(0, 0%, 60%);
}

.emotion-9 {
  display: inline-block;
  fill: currentColor;
  line-height: 1;
  stroke: currentColor;
  stroke-width: 0;
}

<div>
  <div
    class=" emotion-0"
  >
    <span
      aria-atomic="false"
      aria-live="polite"
      aria-relevant="additions text"
      class="emotion-1"
    />
    <div
      class=" emotion-2"
    >
      <div
        class=" emotion-3"
      >
        <div
          class=" emotion-4"
        >
          Select...
        </div>
        <div
          class="emotion-5"
        >
          <div
            class=""
            style="display: inline-block;"
          >
            <input
              aria-autocomplete="list"
              autocapitalize="none"
              autocomplete="off"
              autocorrect="off"
              id="react-select-2-input"
              spellcheck="false"
              style="box-sizing: content-box; width: 2px; border: 0px; opacity: 1; outline: 0; padding: 0px;"
              tabindex="0"
              type="text"
              value=""
            />
            <div
              style="position: absolute; top: 0px; left: 0px; visibility: hidden; height: 0px; overflow: scroll; white-space: pre; font-family: -webkit-small-control; letter-spacing: normal; text-transform: none;"
            />
          </div>
        </div>
      </div>
      <div
        class=" emotion-6"
      >
        <span
          class=" emotion-7"
        />
        <div
          aria-hidden="true"
          class=" emotion-8"
        >
          <svg
            aria-hidden="true"
            class="emotion-9"
            focusable="false"
            height="20"
            viewBox="0 0 20 20"
            width="20"
          >
            <path
              d="M4.516 7.548c0.436-0.446 1.043-0.481 1.576 0l3.908 3.747 3.908-3.747c0.533-0.481 1.141-0.446 1.574 0 0.436 0.445 0.408 1.197 0 1.615-0.406 0.418-4.695 4.502-4.695 4.502-0.217 0.223-0.502 0.335-0.787 0.335s-0.57-0.112-0.789-0.335c0 0-4.287-4.084-4.695-4.502s-0.436-1.17 0-1.615z"
            />
          </svg>
        </div>
      </div>
    </div>
  </div>
</div>
`;
