// Jest Snapshot v1, https://goo.gl/fbAQLP

exports[`defaults > snapshot 1`] = `
<Select
  backspaceRemovesValue={true}
  blurInputOnSelect={true}
  captureMenuScroll={false}
  closeMenuOnSelect={true}
  components={Object {}}
  defaultInputValue=""
  defaultMenuIsOpen={false}
  defaultValue={null}
  escapeClearsValue={false}
  filterOption={[Function]}
  formatGroupLabel={[Function]}
  getOptionLabel={[Function]}
  getOptionValue={[Function]}
  hideSelectedOptions={true}
  inputValue=""
  isDisabled={false}
  isLoading={false}
  isMulti={false}
  isOptionDisabled={[Function]}
  isRtl={false}
  isSearchable={true}
  loadingMessage={[Function]}
  maxMenuHeight={300}
  maxValueHeight={100}
  menuIsOpen={false}
  menuPlacement="bottom"
  menuPosition="absolute"
  menuShouldBlockScroll={false}
  menuShouldScrollIntoView={true}
  minMenuHeight={140}
  noOptionsMessage={[Function]}
  onChange={[Function]}
  onInputChange={[Function]}
  onMenuClose={[Function]}
  onMenuOpen={[Function]}
  options={Array []}
  pageSize={5}
  placeholder="Select..."
  screenReaderStatus={[Function]}
  styles={Object {}}
  tabSelectsValue={true}
  value={null}
/>
`;
